Normal test run...
[INFO] Scanning for projects...
[INFO] 
[INFO] ----------------< ch.paulfrischknecht:java-mvn-pitest >-----------------
[INFO] Building java-mvn-pitest 1.0-SNAPSHOT
[INFO] --------------------------------[ jar ]---------------------------------
[INFO] 
[INFO] --- jacoco-maven-plugin:0.8.7:prepare-agent (default) @ java-mvn-pitest ---
[INFO] argLine set to -javaagent:/home/dev/.m2/repository/org/jacoco/org.jacoco.agent/0.8.7/org.jacoco.agent-0.8.7-runtime.jar=destfile=/home/dev/java-mvn-pitest/target/jacoco.exec
[INFO] 
[INFO] --- maven-resources-plugin:2.6:resources (default-resources) @ java-mvn-pitest ---
[WARNING] Using platform encoding (UTF-8 actually) to copy filtered resources, i.e. build is platform dependent!
[INFO] skip non existing resourceDirectory /home/dev/java-mvn-pitest/src/main/resources
[INFO] 
[INFO] --- maven-compiler-plugin:3.1:compile (default-compile) @ java-mvn-pitest ---
[INFO] Nothing to compile - all classes are up to date
[INFO] 
[INFO] --- maven-resources-plugin:2.6:testResources (default-testResources) @ java-mvn-pitest ---
[WARNING] Using platform encoding (UTF-8 actually) to copy filtered resources, i.e. build is platform dependent!
[INFO] skip non existing resourceDirectory /home/dev/java-mvn-pitest/src/test/resources
[INFO] 
[INFO] --- maven-compiler-plugin:3.1:testCompile (default-testCompile) @ java-mvn-pitest ---
[INFO] Nothing to compile - all classes are up to date
[INFO] 
[INFO] --- maven-surefire-plugin:2.21.0:test (default-test) @ java-mvn-pitest ---
[INFO] 
[INFO] -------------------------------------------------------
[INFO]  T E S T S
[INFO] -------------------------------------------------------
[INFO] Running ch.paulfrischknecht.MainTest
Hello, world!
[INFO] Tests run: 1, Failures: 0, Errors: 0, Skipped: 0, Time elapsed: 0.048 s - in ch.paulfrischknecht.MainTest
[INFO] Running ch.paulfrischknecht.PalindromeTest
[INFO] Tests run: 1, Failures: 0, Errors: 0, Skipped: 0, Time elapsed: 0.001 s - in ch.paulfrischknecht.PalindromeTest
[INFO] 
[INFO] Results:
[INFO] 
[INFO] Tests run: 2, Failures: 0, Errors: 0, Skipped: 0
[INFO] 
[INFO] 
[INFO] --- jacoco-maven-plugin:0.8.7:report (report) @ java-mvn-pitest ---
[INFO] Loading execution data file /home/dev/java-mvn-pitest/target/jacoco.exec
[INFO] Analyzed bundle 'java-mvn-pitest' with 2 classes
[INFO] 
[INFO] --- jacoco-maven-plugin:0.8.7:check (check) @ java-mvn-pitest ---
[INFO] Loading execution data file /home/dev/java-mvn-pitest/target/jacoco.exec
[INFO] Analyzed bundle 'java-mvn-pitest' with 2 classes
[INFO] All coverage checks have been met.
[INFO] ------------------------------------------------------------------------
[INFO] BUILD SUCCESS
[INFO] ------------------------------------------------------------------------
[INFO] Total time:  2.944 s
[INFO] Finished at: 2022-03-10T20:09:50+01:00
[INFO] ------------------------------------------------------------------------
Coverage goal passes, see report:
-rw-rw-r-- 1 dev dev 3133 Mar 10 20:09 target/site/jacoco/index.html
Mutation test run...
[INFO] Scanning for projects...
[INFO] 
[INFO] ----------------< ch.paulfrischknecht:java-mvn-pitest >-----------------
[INFO] Building java-mvn-pitest 1.0-SNAPSHOT
[INFO] --------------------------------[ jar ]---------------------------------
[INFO] 
[INFO] --- jacoco-maven-plugin:0.8.7:prepare-agent (default) @ java-mvn-pitest ---
[INFO] argLine set to -javaagent:/home/dev/.m2/repository/org/jacoco/org.jacoco.agent/0.8.7/org.jacoco.agent-0.8.7-runtime.jar=destfile=/home/dev/java-mvn-pitest/target/jacoco.exec
[INFO] 
[INFO] --- maven-resources-plugin:2.6:resources (default-resources) @ java-mvn-pitest ---
[WARNING] Using platform encoding (UTF-8 actually) to copy filtered resources, i.e. build is platform dependent!
[INFO] skip non existing resourceDirectory /home/dev/java-mvn-pitest/src/main/resources
[INFO] 
[INFO] --- maven-compiler-plugin:3.1:compile (default-compile) @ java-mvn-pitest ---
[INFO] Nothing to compile - all classes are up to date
[INFO] 
[INFO] --- maven-resources-plugin:2.6:testResources (default-testResources) @ java-mvn-pitest ---
[WARNING] Using platform encoding (UTF-8 actually) to copy filtered resources, i.e. build is platform dependent!
[INFO] skip non existing resourceDirectory /home/dev/java-mvn-pitest/src/test/resources
[INFO] 
[INFO] --- maven-compiler-plugin:3.1:testCompile (default-testCompile) @ java-mvn-pitest ---
[INFO] Nothing to compile - all classes are up to date
[INFO] 
[INFO] --- pitest-maven:1.7.4:mutationCoverage (default-cli) @ java-mvn-pitest ---
[INFO] Found plugin : Default csv report plugin
[INFO] Found plugin : Default xml report plugin
[INFO] Found plugin : Default html report plugin
[INFO] Found plugin : Static initializer code detector plugin
[INFO] Found plugin : Excluded annotations plugin
[INFO] Found plugin : Try with resources filter
[INFO] Found plugin : Inlined finally block filter plugin
[INFO] Found plugin : Implicit null check filter
[INFO] Found plugin : Method reference null check filter
[INFO] Found plugin : For each loop filter
[INFO] Found plugin : Enum constructor filter
[INFO] Found plugin : Record junk mutation filter
[INFO] Found plugin : Logging calls filter
[INFO] Found plugin : Infinite for loop filter
[INFO] Found plugin : Long running iterator loop filter
[INFO] Found plugin : For loop counter filter
[INFO] Found plugin : Kotlin junk mutations filter
[INFO] Found plugin : Max mutations per class limit
[INFO] Found plugin : Equals shortcut equivalent mutant filter
[INFO] Found plugin : Trivial return vals equivalence filter
[INFO] Found plugin : Mutant export plugin
[INFO] Found shared classpath plugin : Default mutation engine
[INFO] Found shared classpath plugin : JUnit 5 test framework support
[INFO] Found shared classpath plugin : JUnit plugin
[INFO] Found shared classpath plugin : TestNG plugin
[INFO] Available mutators : EXPERIMENTAL_ARGUMENT_PROPAGATION,FALSE_RETURNS,TRUE_RETURNS,CONDITIONALS_BOUNDARY,CONSTRUCTOR_CALLS,EMPTY_RETURNS,INCREMENTS,INLINE_CONSTS,INVERT_NEGS,MATH,NEGATE_CONDITIONALS,NON_VOID_METHOD_CALLS,NULL_RETURNS,PRIMITIVE_RETURNS,REMOVE_CONDITIONALS_EQUAL_IF,REMOVE_CONDITIONALS_EQUAL_ELSE,REMOVE_CONDITIONALS_ORDER_IF,REMOVE_CONDITIONALS_ORDER_ELSE,RETURN_VALS,VOID_METHOD_CALLS,EXPERIMENTAL_BIG_DECIMAL,EXPERIMENTAL_BIG_INTEGER,EXPERIMENTAL_MEMBER_VARIABLE,EXPERIMENTAL_NAKED_RECEIVER,REMOVE_INCREMENTS,EXPERIMENTAL_RETURN_VALUES_MUTATOR,EXPERIMENTAL_SWITCH,EXPERIMENTAL_BIG_DECIMAL,EXPERIMENTAL_BIG_INTEGER,ABS,AOD1,AOD2,AOR1,AOR2,AOR3,AOR4,CRCR1,CRCR2,CRCR3,CRCR4,CRCR5,CRCR6,OBBN1,OBBN2,OBBN3,ROR1,ROR2,ROR3,ROR4,ROR5,UOI1,UOI2,UOI3,UOI4
[INFO] Adding org.pitest:pitest-junit5-plugin to SUT classpath
[INFO] Adding org.pitest:pitest to SUT classpath
[INFO] Mutating from /home/dev/java-mvn-pitest/target/classes
8:09:53 PM PIT >> INFO : Verbose logging is disabled. If you encounter a problem, please enable it before reporting an issue.
8:09:53 PM PIT >> INFO : Incremental analysis reduced number of mutations by 0
8:09:53 PM PIT >> INFO : Created  2 mutation test units in pre scan
8:09:53 PM PIT >> INFO : Sending 2 test classes to minion
8:09:53 PM PIT >> INFO : Sent tests to minion
/-8:09:54 PM PIT >> INFO : Calculated coverage in 0 seconds.
8:09:54 PM PIT >> INFO : Incremental analysis reduced number of mutations by 0
8:09:54 PM PIT >> INFO : Created  2 mutation test units
/-8:09:55 PM PIT >> INFO : Completed in 2 seconds
================================================================================
- Mutators
================================================================================
> org.pitest.mutationtest.engine.gregor.mutators.VoidMethodCallMutator
>> Generated 1 Killed 0 (0%)
> KILLED 0 SURVIVED 1 TIMED_OUT 0 NON_VIABLE 0 
> MEMORY_ERROR 0 NOT_STARTED 0 STARTED 0 RUN_ERROR 0 
> NO_COVERAGE 0 
--------------------------------------------------------------------------------
> org.pitest.mutationtest.engine.gregor.mutators.returns.BooleanTrueReturnValsMutator
>> Generated 1 Killed 0 (0%)
> KILLED 0 SURVIVED 1 TIMED_OUT 0 NON_VIABLE 0 
> MEMORY_ERROR 0 NOT_STARTED 0 STARTED 0 RUN_ERROR 0 
> NO_COVERAGE 0 
--------------------------------------------------------------------------------
> org.pitest.mutationtest.engine.gregor.mutators.MathMutator
>> Generated 2 Killed 2 (100%)
> KILLED 2 SURVIVED 0 TIMED_OUT 0 NON_VIABLE 0 
> MEMORY_ERROR 0 NOT_STARTED 0 STARTED 0 RUN_ERROR 0 
> NO_COVERAGE 0 
--------------------------------------------------------------------------------
> org.pitest.mutationtest.engine.gregor.mutators.returns.BooleanFalseReturnValsMutator
>> Generated 1 Killed 1 (100%)
> KILLED 1 SURVIVED 0 TIMED_OUT 0 NON_VIABLE 0 
> MEMORY_ERROR 0 NOT_STARTED 0 STARTED 0 RUN_ERROR 0 
> NO_COVERAGE 0 
--------------------------------------------------------------------------------
> org.pitest.mutationtest.engine.gregor.mutators.NegateConditionalsMutator
>> Generated 3 Killed 1 (33%)
> KILLED 1 SURVIVED 2 TIMED_OUT 0 NON_VIABLE 0 
> MEMORY_ERROR 0 NOT_STARTED 0 STARTED 0 RUN_ERROR 0 
> NO_COVERAGE 0 
--------------------------------------------------------------------------------
================================================================================
- Timings
================================================================================
> pre-scan for mutations : < 1 second
> scan classpath : < 1 second
> coverage and dependency analysis : < 1 second
> build mutation tests : < 1 second
> run mutation analysis : 1 seconds
--------------------------------------------------------------------------------
> Total  : 2 seconds
--------------------------------------------------------------------------------
================================================================================
- Statistics
================================================================================
>> Line Coverage: 9/10 (90%)
>> Generated 8 mutations Killed 4 (50%)
>> Mutations with no coverage 0. Test strength 50%
>> Ran 11 tests (1.38 tests per mutation)
Enhanced functionality available at https://www.arcmutate.com/
[INFO] ------------------------------------------------------------------------
[INFO] BUILD SUCCESS
[INFO] ------------------------------------------------------------------------
[INFO] Total time:  3.494 s
[INFO] Finished at: 2022-03-10T20:09:55+01:00
[INFO] ------------------------------------------------------------------------
Mutation Coverage goal passes, see report:
-rw-rw-r-- 1 dev dev 1965 Mar 10 20:09 target/pit-reports/index.html
